msgid ""
msgstr ""
"Content-Type: text/plain; charset=UTF-8\n"
"Content-Transfer-Encoding: 8bit\n"
"Language: en\n"

msgid "some_term"
msgstr "some definition English"
msgid "some_term_2"
msgstr "some definition English 2"
msgid "some_term_3"
msgid_plural "some_term_3"
msgstr[0] "One English"
msgstr[1] "Other English"