<?xml version="1.0" encoding="utf-8"?>
<resources>
  <string name="some_other_term">"some other definition English"</string>
  <string name="some_other_term_2">"some other definition English 2"</string>
</resources>
