<?xml version="1.0" encoding="utf-8"?>
<resources>
  <string name="some_term">"some definition German"</string>
</resources>
