msgid ""
msgstr ""
"Content-Type: text/plain; charset=UTF-8\n"
"Content-Transfer-Encoding: 8bit\n"
"Language: en\n"

msgid "some_other_term"
msgstr "some other definition English"
msgid "some_other_term_2"
msgstr "some other definition English 2"